hostname=fixbox
package[0]=dhake
package[1]=fx-init
package[2]=fxctl
package[3]=fx-activate
package[4]=fake-service
package[5]=fake-service-daemon
user[0].name=root
user[0].uid=0
service[0].name=heartbeat
service[0].argv[0]=fakesvc
service[0].argv[1]=ok
service[0].pkg=fake-service
service[0].on_kind=FX_ON_ALL
service[0].on_arg=-
service[0].restart=FX_RESTART_ALWAYS
service[0].backoff_ms=500
service[0].probe_kind=FX_PROBE_NONE
service[0].probe_arg=-
service[1].name=pid1probe
service[1].argv[0]=fakesvc_daemon
service[1].argv[1]=pid1
service[1].pkg=fake-service-daemon
service[1].on_kind=FX_ON_ALL
service[1].on_arg=-
service[1].restart=FX_RESTART_ALWAYS
service[1].backoff_ms=500
service[1].probe_kind=FX_PROBE_NONE
service[1].probe_arg=-
service[2].name=daemon
service[2].argv[0]=fakesvc_daemon
service[2].argv[1]=daemon
service[2].argv[2]=7
service[2].argv[3]=8
service[2].argv[4]=/run/fx/daemon.pid
service[2].argv[5]=/run/fx/daemon.report
service[2].pkg=fake-service-daemon
service[2].on_kind=FX_ON_ALL
service[2].on_arg=-
service[2].restart=FX_RESTART_NEVER
service[2].backoff_ms=1000
service[2].probe_kind=FX_PROBE_NONE
service[2].probe_arg=-
grace_ms=5000
