sleep(0,0)=1000
sleep(0,1)=1
sleep(0,999)=999
sleep(0,1000)=1000
sleep(0,29999)=29999
sleep(0,30000)=30000
sleep(1,0)=1
sleep(1,1)=1
sleep(1,999)=1
sleep(1,1000)=1
sleep(1,29999)=1
sleep(1,30000)=1
sleep(500,0)=500
sleep(500,1)=500
sleep(500,999)=500
sleep(500,1000)=500
sleep(500,29999)=500
sleep(500,30000)=500
sleep(1000,0)=1000
sleep(1000,1)=1000
sleep(1000,999)=1000
sleep(1000,1000)=1000
sleep(1000,29999)=1000
sleep(1000,30000)=1000
sleep(1500,0)=1500
sleep(1500,1)=1500
sleep(1500,999)=1500
sleep(1500,1000)=1500
sleep(1500,29999)=1500
sleep(1500,30000)=1500
sleep(29999,0)=29999
sleep(29999,1)=29999
sleep(29999,999)=29999
sleep(29999,1000)=29999
sleep(29999,29999)=29999
sleep(29999,30000)=29999
sleep(30000,0)=30000
sleep(30000,1)=30000
sleep(30000,999)=30000
sleep(30000,1000)=30000
sleep(30000,29999)=30000
sleep(30000,30000)=30000
sleep(30001,0)=30000
sleep(30001,1)=30000
sleep(30001,999)=30000
sleep(30001,1000)=30000
sleep(30001,29999)=30000
sleep(30001,30000)=30000
sleep(4294967295,0)=30000
sleep(4294967295,1)=30000
sleep(4294967295,999)=30000
sleep(4294967295,1000)=30000
sleep(4294967295,29999)=30000
sleep(4294967295,30000)=30000
next(0)=30000
next(1)=2
next(2)=4
next(999)=1998
next(1000)=2000
next(14999)=29998
next(15000)=30000
next(15001)=30000
next(20000)=30000
next(29999)=30000
next(30000)=30000
next(30001)=30000
next(2147483647)=30000
next(2147483648)=30000
next(4294967295)=30000
reset(0)=0
reset(1)=0
reset(59998)=0
reset(59999)=0
reset(60000)=1
reset(60001)=1
reset(120000)=1
reset(4294967295)=1
deadline(0,0)=0
deadline(0,1)=1
deadline(0,500)=500
deadline(0,1500)=1500
deadline(0,5000)=5000
deadline(0,30000)=30000
deadline(0,60000)=60000
deadline(0,4294967295)=4294967295
deadline(1,0)=1
deadline(1,1)=2
deadline(1,500)=501
deadline(1,1500)=1501
deadline(1,5000)=5001
deadline(1,30000)=30001
deadline(1,60000)=60001
deadline(1,4294967295)=4294967296
deadline(999,0)=999
deadline(999,1)=1000
deadline(999,500)=1499
deadline(999,1500)=2499
deadline(999,5000)=5999
deadline(999,30000)=30999
deadline(999,60000)=60999
deadline(999,4294967295)=4294968294
deadline(100000,0)=100000
deadline(100000,1)=100001
deadline(100000,500)=100500
deadline(100000,1500)=101500
deadline(100000,5000)=105000
deadline(100000,30000)=130000
deadline(100000,60000)=160000
deadline(100000,4294967295)=4295067295
deadline(1500,0)=1500
deadline(1500,1)=1501
deadline(1500,500)=2000
deadline(1500,1500)=3000
deadline(1500,5000)=6500
deadline(1500,30000)=31500
deadline(1500,60000)=61500
deadline(1500,4294967295)=4294968795
deadline(18446744073709551608,0)=18446744073709551608
deadline(18446744073709551608,1)=18446744073709551609
deadline(18446744073709551608,500)=492
deadline(18446744073709551608,1500)=1492
deadline(18446744073709551608,5000)=4992
deadline(18446744073709551608,30000)=29992
deadline(18446744073709551608,60000)=59992
deadline(18446744073709551608,4294967295)=4294967287
deadline(18446744073709551615,0)=18446744073709551615
deadline(18446744073709551615,1)=0
deadline(18446744073709551615,500)=499
deadline(18446744073709551615,1500)=1499
deadline(18446744073709551615,5000)=4999
deadline(18446744073709551615,30000)=29999
deadline(18446744073709551615,60000)=59999
deadline(18446744073709551615,4294967295)=4294967294
expired(0,0)=1
expired(0,1)=0
expired(1,1)=1
expired(1499,1500)=0
expired(1500,1500)=1
expired(2000,1500)=1
expired(18446744073709551615,18446744073709551615)=1
expired(18446744073709551614,18446744073709551615)=0
